// Jest Snapshot v1, https://goo.gl/fbAQLP

exports[`Pruebas en el Entry component Debe hacer match con el Snapshot 1`] = `
<div class="mb-3 pointer p-2 entry-container">
  <div class="entry-title d-flex"><span class="text-success fs-5 fw-bold">2</span><span class="mx-1 fs-5">Febrero</span><span class="mx-2 fw-light">2022, Mi√©rcoles</span></div>
  <div class="entry-description">Soy un mock</div>
</div>
`;
