// Jest Snapshot v1, https://goo.gl/fbAQLP

exports[`Home view Debe renderizar el componente correctamente 1`] = `<div class="home"><img alt="Vue logo" src=""><button class="btn-primary btn">Daybook</button><button class="btn-secondary btn">action</button><button class="btn-info btn">action</button><button class="btn-warning btn">action</button><button class="btn-danger btn">action</button><button class="btn-dark btn">action</button></div>`;
